x
x
x
x
0000000000000001 // Результат первой ADDI, если она дошла до WB на 4-м такте
0000000000000005 // Результат второй ADDI
0000000000000004 // Результат SUB
0000000000000006 // Результат ADD
0000000000000001 // Результат SLTI x4 < 10
0000000000000000
0000000000000000
0000000000000000
