x
x
x
x
0000000000000001
0000000000000005
0000000000000005
0000000000000002
x
x
x
0000000000000003
x
x
x
0000000000000004
x
x
x
0000000000000005
x
x
x
0000000000000006
x
x
x
