x
x
x
x
0000000000000001
0000000000000001
000000000000000a
0000000000000005
0000000000000005
0000000000000002
x
0000000000000002
x
x
0x0000000000010028
x
x
0000000000000003
x
0000000000000003
x
x
0x0000000000010028
x
x
0000000000000004
x
0000000000000004
x
x
0x0000000000010028
x
x
0000000000000005
x
0000000000000005
x
x
x
x
0x000000000001002c
x
x
0x0000000000000000
0x0000000000000001
0x0000000000000001
x
x
x
000000000000000000
000000000000000000
000000000000000000
000000000000000000
000000000000000000
000000000000000000
000000000000000000
000000000000000000
000000000000000000
000000000000000000
000000000000000000