x
x
x
x
0000000000000001
0000000000000000
0000000000000000
0000000000000000
0000000000000002
0000000000010018
0000000000000000
0000000000000000
0000000000000000
0000000000000003
0000000000010018
0000000000000000
0000000000000000
0000000000000000
0000000000000004
0000000000010018
0000000000000000
0000000000000000
0000000000000000
