x
x
x
x
0000000000000001
0000000000000007
x
x
x
x
0000000000000007
0000000000000007
0000000000000000
0000000000000000
0000000000000000
0000000000000000
0000000000000000
0000000000000000
0000000000000000
0000000000000000
0000000000000000
0000000000000000